[maquiagemlucrativa.com.br/pagina-oficial-curso-maquiagem-lucrativa-2-0-3/index.html]
[backblue.gif]
[fade.gif]
[index.html]
[maquiagemlucrativa.com.br/wp-includes/js/jquery/jquery.minf43b.js]
[maquiagemlucrativa.com.br/wp-includes/js/jquery/jquery-migrate.min5589.js]
[maquiagemlucrativa.com.br/wp-content/uploads/2023/04/cropped-f8295fd8-22bf-485f-a2ea-5ca755790c11-32x32.jpg]
[maquiagemlucrativa.com.br/wp-content/uploads/2023/04/cropped-f8295fd8-22bf-485f-a2ea-5ca755790c11-192x192.jpg]
[maquiagemlucrativa.com.br/wp-content/uploads/2023/04/cropped-f8295fd8-22bf-485f-a2ea-5ca755790c11-180x180.jpg]
[cdn.converteai.net/lib/js/smartplayer/v1/sdk.min.js]
[maquiagemlucrativa.com.br/wp-content/uploads/2024/03/compra-segura.png]
[maquiagemlucrativa.com.br/wp-content/uploads/2023/12/Design-sem-nome-6-1-1.png]
[maquiagemlucrativa.com.br/wp-content/uploads/2023/12/Design-sem-nome-7-1-1.png]
[maquiagemlucrativa.com.br/wp-content/uploads/2023/12/Design-sem-nome-8-1-1.png]
[maquiagemlucrativa.com.br/wp-content/uploads/2023/12/Design-sem-nome-10-1.png]
[maquiagemlucrativa.com.br/wp-content/uploads/2023/12/Design-sem-nome-11-1-1.png]
[maquiagemlucrativa.com.br/wp-content/uploads/2023/12/Design-sem-nome-1-2.png]
[maquiagemlucrativa.com.br/wp-content/uploads/2023/12/Design-sem-nome-2-1-1.png]
[maquiagemlucrativa.com.br/wp-content/uploads/2023/12/Design-sem-nome-3-1-2.png]
[maquiagemlucrativa.com.br/wp-content/uploads/2024/07/Design-sem-nome-3-1-1.png]
[maquiagemlucrativa.com.br/wp-content/uploads/2023/12/Design-sem-nome-4-1-2.png]
[maquiagemlucrativa.com.br/wp-content/uploads/2023/12/Design-sem-nome-5-1-2.png]
[maquiagemlucrativa.com.br/wp-content/uploads/2023/12/Design-sem-nome-6-1-2.png]
[maquiagemlucrativa.com.br/wp-content/uploads/2023/12/Design-sem-nome-7-1.png]
[maquiagemlucrativa.com.br/wp-content/uploads/2023/12/Design-sem-nome-8-1.png]
[maquiagemlucrativa.com.br/wp-content/uploads/2023/12/Design-sem-nome-9-1.png]
[maquiagemlucrativa.com.br/wp-content/uploads/2023/12/Design-sem-nome-10-1-1.png]
[maquiagemlucrativa.com.br/wp-content/uploads/2024/03/Design-sem-nome-1.png]
[maquiagemlucrativa.com.br/wp-content/uploads/2024/03/Design-sem-nome-2-1-2.png]
[maquiagemlucrativa.com.br/wp-content/uploads/2024/03/Design-sem-nome-3-1-1.png]
[maquiagemlucrativa.com.br/wp-content/uploads/2024/03/Design-sem-nome-4-1-1.png]
[maquiagemlucrativa.com.br/wp-content/uploads/2024/03/Compra.png]
[maquiagemlucrativa.com.br/wp-content/uploads/2023/12/cc86f806-1550-4b8e-be6a-428cac81f9ef-768x1024.jpg]
[maquiagemlucrativa.com.br/wp-content/themes/hello-elementor/assets/js/hello-frontend.min8a54.js]
[maquiagemlucrativa.com.br/wp-content/plugins/elementor-pro/assets/js/webpack-pro.runtime.min1ac1.js]
[maquiagemlucrativa.com.br/wp-content/plugins/elementor/assets/js/webpack.runtime.mind5d5.js]
[maquiagemlucrativa.com.br/wp-content/plugins/elementor/assets/js/frontend-modules.mind5d5.js]
[maquiagemlucrativa.com.br/wp-includes/js/dist/hooks.min2757.js]
[maquiagemlucrativa.com.br/wp-includes/js/dist/i18n.minc33c.js]
[maquiagemlucrativa.com.br/wp-content/plugins/elementor-pro/assets/js/frontend.min1ac1.js]
[maquiagemlucrativa.com.br/wp-content/plugins/elementor/assets/lib/waypoints/waypoints.min05da.js]
[maquiagemlucrativa.com.br/wp-includes/js/jquery/ui/core.minb37e.js]
[maquiagemlucrativa.com.br/wp-content/plugins/elementor/assets/js/frontend.mind5d5.js]
[maquiagemlucrativa.com.br/wp-content/plugins/elementor-pro/assets/js/preloaded-elements-handlers.min1ac1.js]
[maquiagemlucrativa.com.br/wp-content/plugins/wp-rocket/assets/js/lazyload/17.8.3/lazyload.min.js]
[maquiagemlucrativa.com.br/pagina-oficial-curso-maquiagem-lucrativa-2-0-3/index.html]
[maquiagemlucrativa.com.br/wp-content/themes/hello-elementor/style.min653d.css]
[maquiagemlucrativa.com.br/wp-content/themes/hello-elementor/theme.min653d.css]
[maquiagemlucrativa.com.br/wp-content/plugins/elementor/assets/css/frontend-lite.mind5d5.css]
[maquiagemlucrativa.com.br/wp-content/uploads/elementor/css/post-697ad.css]
[maquiagemlucrativa.com.br/wp-content/cache/min/1/wp-content/plugins/elementor/assets/lib/swiper/v8/css/swiper.minbe38.css]
[maquiagemlucrativa.com.br/wp-content/plugins/elementor-pro/assets/css/frontend-lite.min1ac1.css]
[maquiagemlucrativa.com.br/wp-content/uploads/elementor/css/global97ad.css]
[maquiagemlucrativa.com.br/wp-content/uploads/2024/07/banner-desktop-2-1.png]
[maquiagemlucrativa.com.br/wp-content/uploads/2024/07/banner-desktop-1.png]
[maquiagemlucrativa.com.br/wp-content/uploads/2024/07/banner-desktop-3-1.png]
[maquiagemlucrativa.com.br/wp-content/uploads/2024/07/banner-desktop-1-1.png]
[maquiagemlucrativa.com.br/wp-content/uploads/2024/07/banner-2.png]
[maquiagemlucrativa.com.br/wp-content/uploads/2024/07/banner-mobile-2-1-2-1-1.png]
[maquiagemlucrativa.com.br/wp-content/uploads/2024/07/banner-mobile-1-1-1-1.png]
[maquiagemlucrativa.com.br/wp-content/uploads/elementor/css/post-144922fc.css]
[maquiagemlucrativa.com.br/wp-content/cache/min/1/wp-content/uploads/omgf/google-fonts-1/google-fonts-1be38.css]
[maquiagemlucrativa.com.br/wp-content/plugins/elementor/assets/css/widget-icon-list.min.css]
[maquiagemlucrativa.com.br/wp-content/plugins/elementor/assets/lib/animations/animations.mind5d5.css]
